LiquidCrystal.c:497:6:wait	0	static,ignoring_inline_asm
LiquidCrystal.c:511:6:pulseEnable	8	static
LiquidCrystal.c:532:6:write4bits	16	static
LiquidCrystal.c:475:6:send	16	static
LiquidCrystal.c:457:6:write	0	static
LiquidCrystal.c:192:6:print	24	static
LiquidCrystal.c:581:6:command	0	static
LiquidCrystal.c:213:6:clear	8	static
LiquidCrystal.c:232:6:home	8	static
LiquidCrystal.c:249:6:noDisplay	0	static
LiquidCrystal.c:266:6:display	0	static
LiquidCrystal.c:283:6:noBlink	0	static
LiquidCrystal.c:300:6:blink	0	static
LiquidCrystal.c:317:6:noCursor	0	static
LiquidCrystal.c:334:6:cursor	0	static
LiquidCrystal.c:351:6:scrollDisplayLeft	0	static
LiquidCrystal.c:367:6:scrollDisplayRight	0	static
LiquidCrystal.c:384:6:leftToRight	0	static
LiquidCrystal.c:402:6:rightToLeft	0	static
LiquidCrystal.c:422:6:autoscroll	0	static
LiquidCrystal.c:439:6:noAutoscroll	0	static
LiquidCrystal.c:72:6:begin	24	static
LiquidCrystal.c:601:6:setRowOffsets	0	static
LiquidCrystal.c:628:6:createChar	16	static
LiquidCrystal.c:650:6:setCursor	0	static
