LiquidCrystal.c:492:6:wait	0	static,ignoring_inline_asm
LiquidCrystal.c:506:6:pulseEnable	8	static
LiquidCrystal.c:527:6:write4bits	16	static
LiquidCrystal.c:470:6:send	16	static
LiquidCrystal.c:452:6:write	0	static
LiquidCrystal.c:187:6:print	24	static
LiquidCrystal.c:576:6:command	0	static
LiquidCrystal.c:208:6:clear	8	static
LiquidCrystal.c:227:6:home	8	static
LiquidCrystal.c:244:6:noDisplay	0	static
LiquidCrystal.c:261:6:display	0	static
LiquidCrystal.c:278:6:noBlink	0	static
LiquidCrystal.c:295:6:blink	0	static
LiquidCrystal.c:312:6:noCursor	0	static
LiquidCrystal.c:329:6:cursor	0	static
LiquidCrystal.c:346:6:scrollDisplayLeft	0	static
LiquidCrystal.c:362:6:scrollDisplayRight	0	static
LiquidCrystal.c:379:6:leftToRight	0	static
LiquidCrystal.c:397:6:rightToLeft	0	static
LiquidCrystal.c:417:6:autoscroll	0	static
LiquidCrystal.c:434:6:noAutoscroll	0	static
LiquidCrystal.c:67:6:begin	24	static
LiquidCrystal.c:596:6:setRowOffsets	0	static
LiquidCrystal.c:623:6:createChar	16	static
LiquidCrystal.c:645:6:setCursor	0	static
